Hall 
Cathrine 
0041 0024 400400 
1 contacts found
=====
Moore 
Jane 
0041 0022 200200 
Morris 
Robert 
0041 0025 500500 
2 contacts found
=====
0 contacts found
=====
0 contacts found
=====
Roberts 
Patt 
0041 0027 700700 
Robinson 
George 
0041 0023 300300 
2 contacts found
=====
